###############################################################################
#                                                                             #
# IAR ELF Linker V6.30.1.53127/W32 for ARM              01/Mar/2013  16:12:31 #
# Copyright 2007-2011 IAR Systems AB.                                         #
#                                                                             #
#    Output file  =  H:\7620\Èí¼þ¼ì²â³ÌÐò\landzoK60µç»ú¼ì²â³ÌÐò\build\fire_de #
#                    mo\Debug\Exe\fire_gpio_demo.out                          #
#    Map file     =  H:\7620\Èí¼þ¼ì²â³ÌÐò\landzoK60µç»ú¼ì²â³ÌÐò\build\fire_de #
#                    mo\Debug\List\fire_gpio_demo.map                         #
#    Command line =  H:\7620\Èí¼þ¼ì²â³ÌÐò\landzoK60µç»ú¼ì²â³ÌÐò\build\fire_de #
#                    mo\Debug\Obj\AT24C02.o H:\7620\Èí¼þ¼ì²â³ÌÐò\landzoK60µç» #
#                    ú¼ì²â³ÌÐò\build\fire_demo\Debug\Obj\FTM.o                #
#                    H:\7620\Èí¼þ¼ì²â³ÌÐò\landzoK60µç»ú¼ì²â³ÌÐò\build\fire_de #
#                    mo\Debug\Obj\PIT.o H:\7620\Èí¼þ¼ì²â³ÌÐò\landzoK60µç»ú¼ì² #
#                    â³ÌÐò\build\fire_demo\Debug\Obj\adc.o                    #
#                    H:\7620\Èí¼þ¼ì²â³ÌÐò\landzoK60µç»ú¼ì²â³ÌÐò\build\fire_de #
#                    mo\Debug\Obj\alloc.o H:\7620\Èí¼þ¼ì²â³ÌÐò\landzoK60µç»ú¼ #
#                    ì²â³ÌÐò\build\fire_demo\Debug\Obj\arm_cm4.o              #
#                    H:\7620\Èí¼þ¼ì²â³ÌÐò\landzoK60µç»ú¼ì²â³ÌÐò\build\fire_de #
#                    mo\Debug\Obj\assert.o H:\7620\Èí¼þ¼ì²â³ÌÐò\landzoK60µç»ú #
#                    ¼ì²â³ÌÐò\build\fire_demo\Debug\Obj\calculation.o         #
#                    H:\7620\Èí¼þ¼ì²â³ÌÐò\landzoK60µç»ú¼ì²â³ÌÐò\build\fire_de #
#                    mo\Debug\Obj\crt0.o H:\7620\Èí¼þ¼ì²â³ÌÐò\landzoK60µç»ú¼ì #
#                    ²â³ÌÐò\build\fire_demo\Debug\Obj\delay.o                 #
#                    H:\7620\Èí¼þ¼ì²â³ÌÐò\landzoK60µç»ú¼ì²â³ÌÐò\build\fire_de #
#                    mo\Debug\Obj\dma.o H:\7620\Èí¼þ¼ì²â³ÌÐò\landzoK60µç»ú¼ì² #
#                    â³ÌÐò\build\fire_demo\Debug\Obj\exti.o                   #
#                    H:\7620\Èí¼þ¼ì²â³ÌÐò\landzoK60µç»ú¼ì²â³ÌÐò\build\fire_de #
#                    mo\Debug\Obj\gpio.o H:\7620\Èí¼þ¼ì²â³ÌÐò\landzoK60µç»ú¼ì #
#                    ²â³ÌÐò\build\fire_demo\Debug\Obj\i2c.o                   #
#                    H:\7620\Èí¼þ¼ì²â³ÌÐò\landzoK60µç»ú¼ì²â³ÌÐò\build\fire_de #
#                    mo\Debug\Obj\io.o H:\7620\Èí¼þ¼ì²â³ÌÐò\landzoK60µç»ú¼ì²â #
#                    ³ÌÐò\build\fire_demo\Debug\Obj\isr.o                     #
#                    H:\7620\Èí¼þ¼ì²â³ÌÐò\landzoK60µç»ú¼ì²â³ÌÐò\build\fire_de #
#                    mo\Debug\Obj\lptmr.o H:\7620\Èí¼þ¼ì²â³ÌÐò\landzoK60µç»ú¼ #
#                    ì²â³ÌÐò\build\fire_demo\Debug\Obj\main.o                 #
#                    H:\7620\Èí¼þ¼ì²â³ÌÐò\landzoK60µç»ú¼ì²â³ÌÐò\build\fire_de #
#                    mo\Debug\Obj\mcg.o H:\7620\Èí¼þ¼ì²â³ÌÐò\landzoK60µç»ú¼ì² #
#                    â³ÌÐò\build\fire_demo\Debug\Obj\memtest.o                #
#                    H:\7620\Èí¼þ¼ì²â³ÌÐò\landzoK60µç»ú¼ì²â³ÌÐò\build\fire_de #
#                    mo\Debug\Obj\nokia.o H:\7620\Èí¼þ¼ì²â³ÌÐò\landzoK60µç»ú¼ #
#                    ì²â³ÌÐò\build\fire_demo\Debug\Obj\printf.o               #
#                    H:\7620\Èí¼þ¼ì²â³ÌÐò\landzoK60µç»ú¼ì²â³ÌÐò\build\fire_de #
#                    mo\Debug\Obj\queue.o H:\7620\Èí¼þ¼ì²â³ÌÐò\landzoK60µç»ú¼ #
#                    ì²â³ÌÐò\build\fire_demo\Debug\Obj\start.o                #
#                    H:\7620\Èí¼þ¼ì²â³ÌÐò\landzoK60µç»ú¼ì²â³ÌÐò\build\fire_de #
#                    mo\Debug\Obj\startup.o H:\7620\Èí¼þ¼ì²â³ÌÐò\landzoK60µç» #
#                    ú¼ì²â³ÌÐò\build\fire_demo\Debug\Obj\stdlib.o             #
#                    H:\7620\Èí¼þ¼ì²â³ÌÐò\landzoK60µç»ú¼ì²â³ÌÐò\build\fire_de #
#                    mo\Debug\Obj\sysinit.o H:\7620\Èí¼þ¼ì²â³ÌÐò\landzoK60µç» #
#                    ú¼ì²â³ÌÐò\build\fire_demo\Debug\Obj\uart.o               #
#                    H:\7620\Èí¼þ¼ì²â³ÌÐò\landzoK60µç»ú¼ì²â³ÌÐò\build\fire_de #
#                    mo\Debug\Obj\uif.o H:\7620\Èí¼þ¼ì²â³ÌÐò\landzoK60µç»ú¼ì² #
#                    â³ÌÐò\build\fire_demo\Debug\Obj\vectors.o                #
#                    H:\7620\Èí¼þ¼ì²â³ÌÐò\landzoK60µç»ú¼ì²â³ÌÐò\build\fire_de #
#                    mo\Debug\Obj\wdog.o -o H:\7620\Èí¼þ¼ì²â³ÌÐò\landzoK60µç» #
#                    ú¼ì²â³ÌÐò\build\fire_demo\Debug\Exe\fire_gpio_demo.out   #
#                    --map H:\7620\Èí¼þ¼ì²â³ÌÐò\landzoK60µç»ú¼ì²â³ÌÐò\build\f #
#                    ire_demo\Debug\List\fire_gpio_demo.map --config          #
#                    "H:\7620\Èí¼þ¼ì²â³ÌÐò\landzoK60µç»ú¼ì²â³ÌÐò\build\fire_d #
#                    emo\..\config files\fire_ROM_K60N512.icf" --semihosting  #
#                    --entry __iar_program_start --vfe                        #
#                                                                             #
#                                                                             #
###############################################################################

*******************************************************************************
*** RUNTIME MODEL ATTRIBUTES
***

CppFlavor       = *
__SystemLibrary = DLib


*******************************************************************************
*** PLACEMENT SUMMARY
***

"A1":  place at 0x00000000 { ro section .intvec };
"A2":  place at 0x00000410 { ro section .noinit };
"P1":  place in [from 0x00000000 to 0x00040000] { ro, block CodeRelocate };
"P2":  place in [from 0x1fff0410 to 0x20010000] {
          rw, block CodeRelocateRam, block CSTACK, block HEAP };

  Section              Kind        Address    Size  Object
  -------              ----        -------    ----  ------
"A1":                                        0x410
  .intvec              const    0x00000000   0x410  vectors.o [1]
                              - 0x00000410   0x410

"A2":                                         0x3c
  .noinit              ro code  0x00000410    0x3c  crt0.o [1]
                              - 0x0000044c    0x3c

"P1":                                       0x2568
  .text                ro code  0x0000044c   0x55c  printf.o [1]
  .text                ro code  0x000009a8    0x20  stdlib.o [1]
  .text                ro code  0x000009c8   0x520  start.o [1]
  .text                ro code  0x00000ee8    0x38  wdog.o [1]
  .text                ro code  0x00000f20    0xc0  startup.o [1]
  .text                ro code  0x00000fe0    0x5c  sysinit.o [1]
  .text                ro code  0x0000103c   0x1a8  main.o [1]
  .text                ro code  0x000011e4   0x128  arm_cm4.o [1]
  Veneer               ro code  0x0000130c     0x8  - Linker created -
  .text                ro code  0x00001314   0x2f4  mcg.o [1]
  .text                ro code  0x00001608   0x25c  uart.o [1]
  .text                ro code  0x00001864    0xc4  gpio.o [1]
  .text                ro code  0x00001928   0x3dc  FTM.o [1]
  .text                ro code  0x00001d04    0x70  PIT.o [1]
  .text                ro code  0x00001d74    0x18  assert.o [1]
  .text                ro code  0x00001d8c   0x460  isr.o [1]
  .data_init                    0x000021ec    0x54  <Block>
    Initializer bytes  ro data  0x000021ec    0x54  <for .data-1>
  CodeRelocate                  0x00002240    0x50  <Block>
    Initializer bytes  ro data  0x00002240    0x50  <for CodeRelocateRam-1>
  .rodata              const    0x00002290    0x48  assert.o [1]
  .rodata              const    0x000022d8    0x48  start.o [1]
  .rodata              const    0x00002320    0x40  start.o [1]
  .rodata              const    0x00002360    0x3c  arm_cm4.o [1]
  .rodata              const    0x0000239c    0x3c  gpio.o [1]
  .rodata              const    0x000023d8    0x38  FTM.o [1]
  .rodata              const    0x00002410    0x38  arm_cm4.o [1]
  .rodata              const    0x00002448    0x30  vectors.o [1]
  .rodata              const    0x00002478    0x2c  start.o [1]
  .text                ro code  0x000024a4    0x2c  data_init3.o [4]
  .rodata              const    0x000024d0    0x28  start.o [1]
  .rodata              const    0x000024f8    0x28  start.o [1]
  .text                ro code  0x00002520    0x22  zero_init3.o [4]
  .iar.init_table      const    0x00002544    0x10  - Linker created -
  .rodata              const    0x00002554    0x20  isr.o [1]
  .rodata              const    0x00002574    0x20  start.o [1]
  .rodata              const    0x00002594    0x20  start.o [1]
  .rodata              const    0x000025b4    0x20  start.o [1]
  .rodata              const    0x000025d4    0x20  start.o [1]
  .rodata              const    0x000025f4    0x20  start.o [1]
  .rodata              const    0x00002614    0x1c  start.o [1]
  .rodata              const    0x00002630    0x1c  start.o [1]
  .rodata              const    0x0000264c    0x1c  start.o [1]
  .rodata              const    0x00002668    0x18  start.o [1]
  .rodata              const    0x00002680    0x18  start.o [1]
  .rodata              const    0x00002698    0x18  start.o [1]
  .rodata              const    0x000026b0    0x18  start.o [1]
  .rodata              const    0x000026c8    0x18  start.o [1]
  .rodata              const    0x000026e0    0x18  start.o [1]
  .rodata              const    0x000026f8    0x18  start.o [1]
  .rodata              const    0x00002710    0x18  start.o [1]
  .text                ro code  0x00002728    0x18  vectors.o [1]
  .text                ro code  0x00002740    0x16  cmain.o [4]
  .text                ro code  0x00002756     0x4  low_level_init.o [3]
  .text                ro code  0x0000275a     0x4  exit.o [3]
  .text                ro code  0x00002760     0xa  cexit.o [4]
  .text                ro code  0x0000276c    0x14  exit.o [5]
  .rodata              const    0x00002780    0x14  isr.o [1]
  .rodata              const    0x00002794    0x14  isr.o [1]
  .rodata              const    0x000027a8    0x14  start.o [1]
  .rodata              const    0x000027bc    0x14  start.o [1]
  .rodata              const    0x000027d0    0x14  start.o [1]
  .rodata              const    0x000027e4    0x14  start.o [1]
  .rodata              const    0x000027f8    0x14  start.o [1]
  .rodata              const    0x0000280c    0x14  start.o [1]
  .rodata              const    0x00002820    0x14  start.o [1]
  .rodata              const    0x00002834    0x14  start.o [1]
  .rodata              const    0x00002848    0x10  isr.o [1]
  .rodata              const    0x00002858    0x10  start.o [1]
  .rodata              const    0x00002868    0x10  start.o [1]
  .rodata              const    0x00002878    0x10  start.o [1]
  .rodata              const    0x00002888    0x10  start.o [1]
  .rodata              const    0x00002898    0x10  start.o [1]
  .rodata              const    0x000028a8    0x10  start.o [1]
  .rodata              const    0x000028b8    0x10  start.o [1]
  .rodata              const    0x000028c8    0x10  start.o [1]
  .rodata              const    0x000028d8    0x10  start.o [1]
  .rodata              const    0x000028e8    0x10  start.o [1]
  .rodata              const    0x000028f8    0x10  start.o [1]
  .rodata              const    0x00002908    0x10  start.o [1]
  .rodata              const    0x00002918    0x10  start.o [1]
  .text                ro code  0x00002928    0x10  io.o [1]
  .rodata              const    0x00002938     0xc  start.o [1]
  .rodata              const    0x00002944     0xc  start.o [1]
  .rodata              const    0x00002950     0xc  start.o [1]
  .rodata              const    0x0000295c     0xc  start.o [1]
  .text                ro code  0x00002968     0xc  cstartup_M.o [4]
  .rodata              const    0x00002974     0x8  start.o [1]
  .rodata              const    0x0000297c     0x8  start.o [1]
  .rodata              const    0x00002984     0x8  start.o [1]
  .rodata              const    0x0000298c     0x8  start.o [1]
  .rodata              const    0x00002994     0x8  start.o [1]
  .rodata              const    0x0000299c     0x8  start.o [1]
  .rodata              const    0x000029a4     0x8  start.o [1]
  .rodata              const    0x000029ac     0x8  start.o [1]
  .rodata              const    0x000029b4     0x0  bwt_init3c.o [4]
                              - 0x000029b4  0x2568

"P2", part 1 of 2:                            0xa4
  .data                         0x1fff0410    0x54  <Block>
    .data-1                     0x1fff0410    0x54  <Init block>
      .data            inited   0x1fff0410     0xc  FTM.o [1]
      .data            inited   0x1fff041c    0x14  gpio.o [1]
      .data            inited   0x1fff0430    0x14  gpio.o [1]
      .data            inited   0x1fff0444     0x8  mcg.o [1]
      .data            inited   0x1fff044c    0x18  uart.o [1]
  CodeRelocateRam               0x1fff0464    0x50  <Block>
    CodeRelocateRam-1           0x1fff0464    0x50  <Init block>
      .textrw          inited   0x1fff0464    0x50  mcg.o [1]
                              - 0x1fff04b4    0xa4

"P2", part 2 of 2:                            0x28
  .bss                          0x1fff04b4    0x28  <Block>
    .bss               zero     0x1fff04b4     0x4  sysinit.o [1]
    .bss               zero     0x1fff04b8     0x4  sysinit.o [1]
    .bss               zero     0x1fff04bc     0x4  sysinit.o [1]
    .bss               zero     0x1fff04c0     0x2  isr.o [1]
    .bss               zero     0x1fff04c2     0x2  isr.o [1]
    .bss               zero     0x1fff04c4     0x2  isr.o [1]
    .bss               zero     0x1fff04c6     0x2  isr.o [1]
    .bss               zero     0x1fff04c8     0x2  main.o [1]
    .bss               zero     0x1fff04ca     0x1  isr.o [1]
    .bss               zero     0x1fff04cb     0x1  isr.o [1]
    .bss               zero     0x1fff04cc     0x1  isr.o [1]
    .bss               zero     0x1fff04cd     0x1  isr.o [1]
    .bss               zero     0x1fff04ce     0x1  isr.o [1]
    .bss               zero     0x1fff04cf     0x1  isr.o [1]
    .bss               zero     0x1fff04d0     0x1  isr.o [1]
    .bss               zero     0x1fff04d1     0x1  isr.o [1]
    .bss               zero     0x1fff04d2     0x1  isr.o [1]
    .bss               zero     0x1fff04d3     0x1  isr.o [1]
    .bss               zero     0x1fff04d4     0x1  isr.o [1]
    .bss               zero     0x1fff04d5     0x1  isr.o [1]
    .bss               zero     0x1fff04d6     0x1  isr.o [1]
    .bss               zero     0x1fff04d7     0x1  isr.o [1]
    .bss               zero     0x1fff04d8     0x1  isr.o [1]
    .bss               zero     0x1fff04d9     0x1  isr.o [1]
    .bss               zero     0x1fff04da     0x1  isr.o [1]
    .bss               zero     0x1fff04db     0x1  main.o [1]
                              - 0x1fff04dc    0x28


*******************************************************************************
*** INIT TABLE
***

          Address     Size
          -------     ----
Zero (__iar_zero_init3)
    1 destination range, total size 0x28:
          0x1fff04b4  0x28



*******************************************************************************
*** MODULE SUMMARY
***

    Module            ro code  rw code  ro data  rw data
    ------            -------  -------  -------  -------
H:\7620\Èí¼þ¼ì²â³ÌÐò\landzoK60µç»ú¼ì²â³ÌÐò\build\fire_demo\Debug\Obj: [1]
    FTM.o                 988                68       12
    PIT.o                 112
    arm_cm4.o             296               116
    assert.o               24                72
    crt0.o                 60
    gpio.o                196               100       40
    io.o                   16
    isr.o               1 120                88       25
    main.o                424                          3
    mcg.o                 756       80       88        8
    printf.o            1 372
    start.o             1 312             1 176
    startup.o             192
    stdlib.o               32
    sysinit.o              92                         12
    uart.o                604                24       24
    vectors.o              24             1 088
    wdog.o                 56
    ----------------------------------------------------
    Total:              7 676       80    2 820      124

command line: [2]
    ----------------------------------------------------
    Total:

dl7M_tln.a: [3]
    exit.o                  4
    low_level_init.o        4
    ----------------------------------------------------
    Total:                  8

rt7M_tl.a: [4]
    bwt_init3c.o
    cexit.o                10
    cmain.o                22
    cstartup_M.o           12
    data_init3.o           44
    zero_init3.o           34
    ----------------------------------------------------
    Total:                122

shb_l.a: [5]
    exit.o                 20
    ----------------------------------------------------
    Total:                 20

    Gaps                    4                 2
    Linker created          8                16
--------------------------------------------------------
    Grand Total:        7 838       80    2 838      124


*******************************************************************************
*** ENTRY LIST
***

Entry                      Address   Size  Type      Object
-----                      -------   ----  ----      ------
.bss$$Base              0x1fff04b4          --   Gb  - Linker created -
.bss$$Limit             0x1fff04dc          --   Gb  - Linker created -
.data$$Base             0x1fff0410          --   Gb  - Linker created -
.data$$Limit            0x1fff0464          --   Gb  - Linker created -
.data_init$$Base        0x000021ec          --   Gb  - Linker created -
.data_init$$Limit       0x00002240          --   Gb  - Linker created -
?main                   0x00002741         Code  Gb  cmain.o [4]
ASSERT_FAILED_STR       0x00002290   0x48  Data  Gb  assert.o [1]
CodeRelocate$$Base      0x00002240          --   Gb  - Linker created -
CodeRelocate$$Limit     0x00002290          --   Gb  - Linker created -
CodeRelocateRam$$Base   0x1fff0464          --   Gb  - Linker created -
CodeRelocateRam$$Limit  0x1fff04b4          --   Gb  - Linker created -
DMA_CH0_Handler         0x00002127   0x22  Code  Gb  isr.o [1]
DMA_CH4_Handler         0x000020ff   0x28  Code  Gb  isr.o [1]
DMA_Over_Flg            0x1fff04d9    0x1  Data  Gb  isr.o [1]
FTM0_IRQHandler         0x000020a1    0x2  Code  Gb  isr.o [1]
FTM1_IRQHandler         0x000020a3   0x5c  Code  Gb  isr.o [1]
FTM_PWM_Duty            0x00001c4b   0x72  Code  Gb  FTM.o [1]
FTM_PWM_init            0x00001929  0x322  Code  Gb  FTM.o [1]
FTMx                    0x1fff0410    0xc  Data  Gb  FTM.o [1]
GPIOx                   0x1fff041c   0x14  Data  Gb  gpio.o [1]
HardFault_Handler       0x00001e79    0xc  Code  Gb  isr.o [1]
LPT_Handler             0x00002149   0x18  Code  Gb  isr.o [1]
LPT_INT_count           0x1fff04da    0x1  Data  Gb  isr.o [1]
PIT0_IRQHandler         0x00001dcb   0xaa  Code  Gb  isr.o [1]
PIT1_IRQHandler         0x00001db1   0x1a  Code  Gb  isr.o [1]
PIT2_IRQHandler         0x00001ffb   0xa6  Code  Gb  isr.o [1]
PORTB_IRQHandler        0x00001fbb   0x40  Code  Gb  isr.o [1]
PORTD_IRQHandler        0x00001e85  0x136  Code  Gb  isr.o [1]
PORTX                   0x1fff0430   0x14  Data  Gb  gpio.o [1]
PendSV_Handler          0x00001e77    0x2  Code  Gb  isr.o [1]
Region$$Table$$Base     0x00002544          --   Gb  - Linker created -
Region$$Table$$Limit    0x00002554          --   Gb  - Linker created -
Reset_Handler           0x00000411         Code  Gb  crt0.o [1]
SysTick_Handler         0x00001e75    0x2  Code  Gb  isr.o [1]
TIME0flag_10ms          0x1fff04cb    0x1  Data  Gb  isr.o [1]
TIME0flag_15ms          0x1fff04cc    0x1  Data  Gb  isr.o [1]
TIME0flag_20ms          0x1fff04cd    0x1  Data  Gb  isr.o [1]
TIME0flag_5ms           0x1fff04ca    0x1  Data  Gb  isr.o [1]
TIME0flag_80ms          0x1fff04ce    0x1  Data  Gb  isr.o [1]
TIME1flag_1s            0x1fff04cf    0x1  Data  Gb  isr.o [1]
TimeCount               0x1fff04d0    0x1  Data  Gb  isr.o [1]
UARTx                   0x1fff044c   0x18  Data  Gb  uart.o [1]
USART1_IRQHandler       0x00001d8d   0x24  Code  Gb  isr.o [1]
__BOOT_STACK_ADDRESS {Abs}
                        0x2000fff8          --   Gb  command line/config [2]
__VECTOR_RAM {Abs}      0x1fff0000          --   Gb  command line/config [2]
__VECTOR_TABLE {Abs}    0x00000000          --   Gb  command line/config [2]
__cmain                 0x00002741         Code  Gb  cmain.o [4]
__code_start__ {Abs}    0x00000410          --   Gb  command line/config [2]
__exit                  0x0000276d   0x14  Code  Gb  exit.o [5]
__iar_SB                0x000029b4         Data  Gb  bwt_init3c.o [4]
__iar_data_init3        0x000024a5   0x2c  Code  Gb  data_init3.o [4]
__iar_program_start     0x00002969         Code  Gb  cstartup_M.o [4]
__iar_zero_init3        0x00002521   0x22  Code  Gb  zero_init3.o [4]
__low_level_init        0x00002757    0x4  Code  Gb  low_level_init.o [3]
__vector_table          0x00000000  0x410  Data  Gb  vectors.o [1]
_call_main              0x0000274d         Code  Gb  cmain.o [4]
_exit                   0x00002761         Code  Gb  cexit.o [4]
_main                   0x00002753         Code  Gb  cmain.o [4]
assert_failed           0x00001d75   0x18  Code  Gb  assert.o [1]
bus_clk_khz             0x1fff04bc    0x4  Data  Gb  sysinit.o [1]
common_startup          0x00000f21   0xc0  Code  Gb  startup.o [1]
core_clk_khz            0x1fff04b4    0x4  Data  Gb  sysinit.o [1]
core_clk_mhz            0x1fff04b8    0x4  Data  Gb  sysinit.o [1]
count                   0x1fff04c8    0x2  Data  Gb  main.o [1]
cpu_identify            0x00000af7  0x20a  Code  Gb  start.o [1]
default_isr             0x00002729   0x18  Code  Gb  vectors.o [1]
disable_irq             0x0000127f   0x5e  Code  Gb  arm_cm4.o [1]
enable_irq              0x000011eb   0x94  Code  Gb  arm_cm4.o [1]
exit                    0x0000275b    0x4  Code  Gb  exit.o [3]
flash_identify          0x00000d01   0xbe  Code  Gb  start.o [1]
gpio_init               0x00001865   0xb8  Code  Gb  gpio.o [1]
i                       0x1fff04db    0x1  Data  Gb  main.o [1]
key10cout               0x1fff04c4    0x2  Data  Gb  isr.o [1]
key10flg                0x1fff04d6    0x1  Data  Gb  isr.o [1]
key10start              0x1fff04d5    0x1  Data  Gb  isr.o [1]
key11cout               0x1fff04c6    0x2  Data  Gb  isr.o [1]
key11flg                0x1fff04d8    0x1  Data  Gb  isr.o [1]
key11start              0x1fff04d7    0x1  Data  Gb  isr.o [1]
key8cout                0x1fff04c0    0x2  Data  Gb  isr.o [1]
key8flg                 0x1fff04d2    0x1  Data  Gb  isr.o [1]
key8start               0x1fff04d1    0x1  Data  Gb  isr.o [1]
key9cout                0x1fff04c2    0x2  Data  Gb  isr.o [1]
key9flg                 0x1fff04d4    0x1  Data  Gb  isr.o [1]
key9start               0x1fff04d3    0x1  Data  Gb  isr.o [1]
main                    0x0000103d  0x1a8  Code  Gb  main.o [1]
mcg_div                 0x1fff0444    0x8  Data  Gb  mcg.o [1]
out_char                0x00002929   0x10  Code  Gb  io.o [1]
pit_init                0x00001d05   0x62  Code  Gb  PIT.o [1]
pll_init                0x00001315  0x2f4  Code  Gb  mcg.o [1]
printf                  0x0000097f   0x26  Code  Gb  printf.o [1]
printk                  0x00000575  0x40a  Code  Gb  printf.o [1]
printk_mknumstr         0x0000047f   0xaa  Code  Lc  printf.o [1]
printk_pad_space        0x0000054f   0x26  Code  Lc  printf.o [1]
printk_pad_zero         0x00000529   0x26  Code  Lc  printf.o [1]
printk_putc             0x0000044d   0x32  Code  Lc  printf.o [1]
set_sys_dividers        0x1fff0465   0x50  Code  Gb  mcg.o [1]
start                   0x000009c9  0x12e  Code  Gb  start.o [1]
strlen                  0x000009a9   0x20  Code  Gb  stdlib.o [1]
sysinit                 0x00000fe1   0x48  Code  Gb  sysinit.o [1]
uart_getchar            0x000017b7   0x1a  Code  Gb  uart.o [1]
uart_getcharflg         0x000017d1   0x18  Code  Gb  uart.o [1]
uart_init               0x00001609  0x1ae  Code  Gb  uart.o [1]
uart_putchar            0x000017e9   0x1a  Code  Gb  uart.o [1]
uart_sendStr            0x00001803   0x1c  Code  Gb  uart.o [1]
wdog_disable            0x00000ee9   0x16  Code  Gb  wdog.o [1]
wdog_unlock             0x00000f01   0x16  Code  Gb  wdog.o [1]
write_vtor              0x000011e5    0x6  Code  Gb  arm_cm4.o [1]


[1] = H:\7620\Èí¼þ¼ì²â³ÌÐò\landzoK60µç»ú¼ì²â³ÌÐò\build\fire_demo\Debug\Obj
[2] = command line
[3] = dl7M_tln.a
[4] = rt7M_tl.a
[5] = shb_l.a

  7 838 bytes of readonly  code memory
     80 bytes of readwrite code memory
  2 838 bytes of readonly  data memory
    124 bytes of readwrite data memory

Errors: none
Warnings: none
