###############################################################################
#                                                                             #
# IAR ELF Linker V6.50.6.4896/W32 for ARM               23/Mar/2016  22:51:37 #
# Copyright 2007-2013 IAR Systems AB.                                         #
#                                                                             #
#    Output file  =  Z:\Users\wzq\项目\freescale\code\frescale\k60\Prj\IAR\DZ #
#                    10_Debug\Exe\vcan_Kinetis.out                            #
#    Map file     =  Z:\Users\wzq\项目\freescale\code\frescale\k60\Prj\IAR\DZ #
#                    10_Debug\List\vcan_Kinetis.map                           #
#    Command line =  Z:\Users\wzq\项目\freescale\code\frescale\k60\Prj\IAR\DZ #
#                    10_Debug\Obj\MK60_DWT.o Z:\Users\wzq\项目\freescale\code #
#                    \frescale\k60\Prj\IAR\DZ10_Debug\Obj\MK60_PIT.o          #
#                    Z:\Users\wzq\项目\freescale\code\frescale\k60\Prj\IAR\DZ #
#                    10_Debug\Obj\MK60_SysTick.o                              #
#                    Z:\Users\wzq\项目\freescale\code\frescale\k60\Prj\IAR\DZ #
#                    10_Debug\Obj\MK60_adc.o Z:\Users\wzq\项目\freescale\code #
#                    \frescale\k60\Prj\IAR\DZ10_Debug\Obj\MK60_can.o          #
#                    Z:\Users\wzq\项目\freescale\code\frescale\k60\Prj\IAR\DZ #
#                    10_Debug\Obj\MK60_conf.o Z:\Users\wzq\项目\freescale\cod #
#                    e\frescale\k60\Prj\IAR\DZ10_Debug\Obj\MK60_dac.o         #
#                    Z:\Users\wzq\项目\freescale\code\frescale\k60\Prj\IAR\DZ #
#                    10_Debug\Obj\MK60_dma.o Z:\Users\wzq\项目\freescale\code #
#                    \frescale\k60\Prj\IAR\DZ10_Debug\Obj\MK60_flash.o        #
#                    Z:\Users\wzq\项目\freescale\code\frescale\k60\Prj\IAR\DZ #
#                    10_Debug\Obj\MK60_flexbus.o                              #
#                    Z:\Users\wzq\项目\freescale\code\frescale\k60\Prj\IAR\DZ #
#                    10_Debug\Obj\MK60_ftm.o Z:\Users\wzq\项目\freescale\code #
#                    \frescale\k60\Prj\IAR\DZ10_Debug\Obj\MK60_gpio.o         #
#                    Z:\Users\wzq\项目\freescale\code\frescale\k60\Prj\IAR\DZ #
#                    10_Debug\Obj\MK60_i2c.o Z:\Users\wzq\项目\freescale\code #
#                    \frescale\k60\Prj\IAR\DZ10_Debug\Obj\MK60_it.o           #
#                    Z:\Users\wzq\项目\freescale\code\frescale\k60\Prj\IAR\DZ #
#                    10_Debug\Obj\MK60_lptmr.o Z:\Users\wzq\项目\freescale\co #
#                    de\frescale\k60\Prj\IAR\DZ10_Debug\Obj\MK60_mcg.o        #
#                    Z:\Users\wzq\项目\freescale\code\frescale\k60\Prj\IAR\DZ #
#                    10_Debug\Obj\MK60_port.o Z:\Users\wzq\项目\freescale\cod #
#                    e\frescale\k60\Prj\IAR\DZ10_Debug\Obj\MK60_rtc.o         #
#                    Z:\Users\wzq\项目\freescale\code\frescale\k60\Prj\IAR\DZ #
#                    10_Debug\Obj\MK60_sdhc.o Z:\Users\wzq\项目\freescale\cod #
#                    e\frescale\k60\Prj\IAR\DZ10_Debug\Obj\MK60_spi.o         #
#                    Z:\Users\wzq\项目\freescale\code\frescale\k60\Prj\IAR\DZ #
#                    10_Debug\Obj\MK60_uart.o Z:\Users\wzq\项目\freescale\cod #
#                    e\frescale\k60\Prj\IAR\DZ10_Debug\Obj\MK60_wdog.o        #
#                    Z:\Users\wzq\项目\freescale\code\frescale\k60\Prj\IAR\DZ #
#                    10_Debug\Obj\OLED.o Z:\Users\wzq\项目\freescale\code\fre #
#                    scale\k60\Prj\IAR\DZ10_Debug\Obj\VCAN_ASCII.o            #
#                    Z:\Users\wzq\项目\freescale\code\frescale\k60\Prj\IAR\DZ #
#                    10_Debug\Obj\VCAN_LCD.o Z:\Users\wzq\项目\freescale\code #
#                    \frescale\k60\Prj\IAR\DZ10_Debug\Obj\VCAN_LCD_ILI9341.o  #
#                    Z:\Users\wzq\项目\freescale\code\frescale\k60\Prj\IAR\DZ #
#                    10_Debug\Obj\VCAN_LED.o Z:\Users\wzq\项目\freescale\code #
#                    \frescale\k60\Prj\IAR\DZ10_Debug\Obj\VCAN_MMA7455.o      #
#                    Z:\Users\wzq\项目\freescale\code\frescale\k60\Prj\IAR\DZ #
#                    10_Debug\Obj\VCAN_NRF24L0.o                              #
#                    Z:\Users\wzq\项目\freescale\code\frescale\k60\Prj\IAR\DZ #
#                    10_Debug\Obj\VCAN_OV7725_Eagle.o                         #
#                    Z:\Users\wzq\项目\freescale\code\frescale\k60\Prj\IAR\DZ #
#                    10_Debug\Obj\VCAN_RTC_count.o                            #
#                    Z:\Users\wzq\项目\freescale\code\frescale\k60\Prj\IAR\DZ #
#                    10_Debug\Obj\VCAN_SCCB.o Z:\Users\wzq\项目\freescale\cod #
#                    e\frescale\k60\Prj\IAR\DZ10_Debug\Obj\VCAN_key.o         #
#                    Z:\Users\wzq\项目\freescale\code\frescale\k60\Prj\IAR\DZ #
#                    10_Debug\Obj\calculate.o Z:\Users\wzq\项目\freescale\cod #
#                    e\frescale\k60\Prj\IAR\DZ10_Debug\Obj\diskio.o           #
#                    Z:\Users\wzq\项目\freescale\code\frescale\k60\Prj\IAR\DZ #
#                    10_Debug\Obj\ff.o Z:\Users\wzq\项目\freescale\code\fresc #
#                    ale\k60\Prj\IAR\DZ10_Debug\Obj\init.o                    #
#                    Z:\Users\wzq\项目\freescale\code\frescale\k60\Prj\IAR\DZ #
#                    10_Debug\Obj\io.o Z:\Users\wzq\项目\freescale\code\fresc #
#                    ale\k60\Prj\IAR\DZ10_Debug\Obj\main.o                    #
#                    Z:\Users\wzq\项目\freescale\code\frescale\k60\Prj\IAR\DZ #
#                    10_Debug\Obj\misc.o Z:\Users\wzq\项目\freescale\code\fre #
#                    scale\k60\Prj\IAR\DZ10_Debug\Obj\sdcard.o                #
#                    Z:\Users\wzq\项目\freescale\code\frescale\k60\Prj\IAR\DZ #
#                    10_Debug\Obj\startup_MK60DZ10.o                          #
#                    Z:\Users\wzq\项目\freescale\code\frescale\k60\Prj\IAR\DZ #
#                    10_Debug\Obj\system_MK60DZ10.o                           #
#                    Z:\Users\wzq\项目\freescale\code\frescale\k60\Prj\IAR\DZ #
#                    10_Debug\Obj\vectors.o --redirect                        #
#                    _Printf=_PrintfLargeNoMb --redirect                      #
#                    _Scanf=_ScanfLargeNoMb -o Z:\Users\wzq\项目\freescale\co #
#                    de\frescale\k60\Prj\IAR\DZ10_Debug\Exe\vcan_Kinetis.out  #
#                    --map Z:\Users\wzq\项目\freescale\code\frescale\k60\Prj\ #
#                    IAR\DZ10_Debug\List\vcan_Kinetis.map --config            #
#                    "Z:\Users\wzq\项目\freescale\code\frescale\k60\Prj\IAR\c #
#                    onfig files\vcan_ROM_K60N512.icf"                        #
#                    Z:\Users\wzq\项目\freescale\code\frescale\k60\Prj\IAR\.. #
#                    \..\Lib\CMSIS\iar_cortexM4l_math.a --entry               #
#                    __iar_program_start --vfe                                #
#                                                                             #
#                                                                             #
###############################################################################

*******************************************************************************
*** RUNTIME MODEL ATTRIBUTES
***

CppFlavor       = *
__SystemLibrary = DLib


*******************************************************************************
*** PLACEMENT SUMMARY
***

"A1":  place at 0x00000000 { ro section .intvec };
"A2":  place at 0x00000410 { ro section .noinit };
"P1":  place in [from 0x00000000 to 0x00080000] { ro, block CodeRelocate };
"P2":  place in [from 0x1fff0410 to 0x20010000] {
          rw, block CodeRelocateRam, block CSTACK, block HEAP };

  Section              Kind        Address    Size  Object
  -------              ----        -------    ----  ------
"A1":                                        0x410
  .intvec              const    0x00000000   0x410  vectors.o [1]
                              - 0x00000410   0x410

"P1", part 1 of 2:                             0x0
  .rodata              const    0x00000410     0x0  zero_init3.o [5]

"A2":                                          0x8
  .noinit              ro code  0x00000410     0x8  startup_MK60DZ10.o [1]
                              - 0x00000418     0x8

"P1", part 2 of 2:                          0x38f0
  .text                ro code  0x00000418   0xb7e  xprintflarge_nomb.o [3]
  .text                ro code  0x00000f96    0x22  zero_init3.o [5]
  .text                ro code  0x00000fb8    0x16  strchr.o [5]
  .text                ro code  0x00000fd0    0x36  strlen.o [5]
  .text                ro code  0x00001008    0x58  memchr.o [5]
  .text                ro code  0x00001060    0xee  I64DivMod.o [5]
  .text                ro code  0x00001150   0x1a2  DblMul.o [4]
  .text                ro code  0x000012f4    0x76  ABImemcpy.o [5]
  .text                ro code  0x0000136a    0x42  xdnorm.o [4]
  .text                ro code  0x000013ac    0x2e  DblCmpLe.o [4]
  .text                ro code  0x000013dc   0x246  DblDiv.o [4]
  .text                ro code  0x00001624    0x2c  DblToI32.o [4]
  .text                ro code  0x00001650    0x1c  I32ToDbl.o [4]
  .text                ro code  0x0000166c   0x180  DblSub.o [4]
  .text                ro code  0x000017ec    0x6c  localeconv.o [3]
  .text                ro code  0x00001858     0xe  div.o [3]
  .text                ro code  0x00001868     0x2  I64DivZer.o [5]
  .text                ro code  0x0000186c    0xd4  DblAdd.o [4]
  .text                ro code  0x00001940     0x2  xtls.o [3]
  .data_init                    0x00001944   0x7f0  <Block>
    Initializer bytes  ro data  0x00001944   0x7f0  <for .data-1>
  .text                ro code  0x00002134   0x404  MK60_ftm.o [1]
  .text                ro code  0x00002538    0xb0  MK60_port.o [1]
  Veneer               ro code  0x000025e8     0x8  - Linker created -
  Veneer               ro code  0x000025f0     0x8  - Linker created -
  .text                ro code  0x000025f8   0x140  MK60_conf.o [1]
  .text                ro code  0x00002738    0x50  VCAN_LED.o [1]
  .text                ro code  0x00002788    0x24  printf.o [3]
  .text                ro code  0x000027ac    0x78  MK60_DWT.o [1]
  .text                ro code  0x00002824   0x244  MK60_uart.o [1]
  .text                ro code  0x00002a68    0x9c  VCAN_key.o [1]
  .text                ro code  0x00002b04   0x128  MK60_gpio.o [1]
  Veneer               ro code  0x00002c2c     0x8  - Linker created -
  .text                ro code  0x00002c34   0x3b4  MK60_mcg.o [1]
  .text                ro code  0x00002fe8   0x2b8  MK60_adc.o [1]
  .text                ro code  0x000032a0   0x238  init.o [1]
  .text                ro code  0x000034d8    0x7c  MK60_PIT.o [1]
  .text                ro code  0x00003554    0x50  misc.o [1]
  CodeRelocate                  0x000035a4   0x1b8  <Block>
    Initializer bytes  ro data  0x000035a4   0x1b8  <for CodeRelocateRam-1>
  .text                ro code  0x0000375c   0x124  system_MK60DZ10.o [1]
  .text                ro code  0x00003880    0x40  MK60_wdog.o [1]
  .text                ro code  0x000038c0    0x30  main.o [1]
  .text                ro code  0x000038f0    0x7c  io.o [1]
  .rodata              const    0x0000396c    0x44  MK60_PIT.o [1]
  .rodata              const    0x000039b0    0x44  MK60_adc.o [1]
  .rodata              const    0x000039f4    0x44  MK60_flash.o [1]
  .rodata              const    0x00003a38    0x44  MK60_ftm.o [1]
  .rodata              const    0x00003a7c    0x44  MK60_gpio.o [1]
  .rodata              const    0x00003ac0    0x44  MK60_uart.o [1]
  .rodata              const    0x00003b04    0x40  misc.o [1]
  .rodata              const    0x00003b44    0x3c  MK60_conf.o [1]
  .text                ro code  0x00003b80    0x28  data_init.o [5]
  .rodata              const    0x00003ba8    0x24  MK60_conf.o [1]
  .iar.init_table      const    0x00003bcc    0x10  - Linker created -
  .rodata              const    0x00003bdc    0x20  MK60_conf.o [1]
  .text                ro code  0x00003bfc    0x16  cmain.o [5]
  .text                ro code  0x00003c12     0x4  low_level_init.o [3]
  .text                ro code  0x00003c16     0x4  exit.o [3]
  .text                ro code  0x00003c1c     0xa  cexit.o [5]
  .text                ro code  0x00003c28     0xc  XXexit.o [5]
  .text                ro code  0x00003c34    0x16  xprout.o [3]
  .text                ro code  0x00003c4c     0xc  putchar.o [3]
  .rodata              const    0x00003c58    0x14  MK60_conf.o [1]
  .text                ro code  0x00003c6c     0xc  cstartup_M.o [5]
  .rodata              const    0x00003c78     0x8  main.o [1]
  Initializer bytes    ro data  0x00003c80    0x88  <for P2 s0>
                              - 0x00003d08  0x38f0

"P2", part 1 of 3:                           0x9a8
  .data                         0x1fff0410   0x7f0  <Block>
    .data-1                     0x1fff0410   0x7f0  <Init block>
      .data            inited   0x1fff0410     0x8  MK60_adc.o [1]
      .data            inited   0x1fff0418   0x708  MK60_conf.o [1]
      .data            inited   0x1fff0b20     0xc  MK60_ftm.o [1]
      .data            inited   0x1fff0b2c    0x14  MK60_gpio.o [1]
      .data            inited   0x1fff0b40    0x44  MK60_mcg.o [1]
      .data            inited   0x1fff0b84     0x4  MK60_mcg.o [1]
      .data            inited   0x1fff0b88    0x14  MK60_port.o [1]
      .data            inited   0x1fff0b9c    0x18  MK60_uart.o [1]
      .data            inited   0x1fff0bb4     0x4  VCAN_LED.o [1]
      .data            inited   0x1fff0bb8     0x8  VCAN_key.o [1]
      .data            inited   0x1fff0bc0    0x40  xfiles.o [3]
  CodeRelocateRam               0x1fff0c00   0x1b8  <Block>
    CodeRelocateRam-1           0x1fff0c00   0x1b8  <Init block>
      Veneer           inited   0x1fff0c00     0x8  - Linker created -
      .textrw          inited   0x1fff0c08   0x160  MK60_flash.o [1]
      .textrw          inited   0x1fff0d68    0x50  MK60_mcg.o [1]
                              - 0x1fff0db8   0x9a8

"P2", part 2 of 3:                            0xb4
  .bss                          0x1fff0db8    0xb4  <Block>
    .bss               zero     0x1fff0db8     0x8  main.o [1]
    .bss               zero     0x1fff0dc0     0x8  main.o [1]
    .bss               zero     0x1fff0dc8     0x8  main.o [1]
    .bss               zero     0x1fff0dd0     0x8  main.o [1]
    .bss               zero     0x1fff0dd8     0x8  main.o [1]
    .bss               zero     0x1fff0de0     0x8  main.o [1]
    .bss               zero     0x1fff0de8     0x8  main.o [1]
    .bss               zero     0x1fff0df0     0x8  main.o [1]
    .bss               zero     0x1fff0df8     0x8  main.o [1]
    .bss               zero     0x1fff0e00     0x8  main.o [1]
    .bss               zero     0x1fff0e08     0x8  main.o [1]
    .bss               zero     0x1fff0e10     0x4  system_MK60DZ10.o [1]
    .bss               zero     0x1fff0e14     0x4  system_MK60DZ10.o [1]
    .bss               zero     0x1fff0e18     0x4  system_MK60DZ10.o [1]
    .bss               zero     0x1fff0e1c    0x50  xfiles.o [3]
                              - 0x1fff0e6c    0xb4

"P2", part 3 of 3:                            0x88
  P2 s0                         0x1fff0e6c    0x88  <Init block>
    __DLIB_PERTHREAD   inited   0x1fff0e6c    0x88  localeconv.o [3]
                              - 0x1fff0ef4    0x88


*******************************************************************************
*** INIT TABLE
***

          Address     Size
          -------     ----
Zero (__iar_zero_init3)
    1 destination range, total size 0xb4:
          0x1fff0db8  0xb4



*******************************************************************************
*** MODULE SUMMARY
***

    Module               ro code  rw code  ro data  rw data
    ------               -------  -------  -------  -------
Z:\Users\wzq\项目\freescale\code\frescale\k60\Prj\IAR\DZ10_Debug\Obj: [1]
    MK60_DWT.o               120
    MK60_PIT.o               124                68
    MK60_adc.o               696                76        8
    MK60_conf.o              320             1 948    1 800
    MK60_flash.o                      352      420
    MK60_ftm.o             1 028                80       12
    MK60_gpio.o              296                88       20
    MK60_mcg.o               948       80      152       72
    MK60_port.o              176                20       20
    MK60_uart.o              580                92       24
    MK60_wdog.o               64
    VCAN_LED.o                80                 4        4
    VCAN_key.o               156                 8        8
    init.o                   568
    io.o                     124
    main.o                    48                 8       88
    misc.o                    80                64
    startup_MK60DZ10.o         8
    system_MK60DZ10.o        292                         12
    vectors.o                                1 040
    -------------------------------------------------------
    Total:                 5 708      432    4 068    2 068

command line: [2]
    -------------------------------------------------------
    Total:

dl7M_tlf.a: [3]
    div.o                     14
    exit.o                     4
    localeconv.o             108               136      136
    low_level_init.o           4
    printf.o                  36
    putchar.o                 12
    xfiles.o                                    64      144
    xprintflarge_nomb.o    2 942
    xprout.o                  22
    xtls.o                     2
    -------------------------------------------------------
    Total:                 3 144               200      280

m7M_tl.a: [4]
    DblAdd.o                 212
    DblCmpLe.o                46
    DblDiv.o                 582
    DblMul.o                 418
    DblSub.o                 384
    DblToI32.o                44
    I32ToDbl.o                28
    xdnorm.o                  66
    -------------------------------------------------------
    Total:                 1 780

rt7M_tl.a: [5]
    ABImemcpy.o              118
    I64DivMod.o              238
    I64DivZer.o                2
    XXexit.o                  12
    cexit.o                   10
    cmain.o                   22
    cstartup_M.o              12
    data_init.o               40
    memchr.o                  88
    strchr.o                  22
    strlen.o                  54
    zero_init3.o              34
    -------------------------------------------------------
    Total:                   652

    Gaps                      22
    Linker created            24        8       24
-----------------------------------------------------------
    Grand Total:          11 330      440    4 292    2 348


*******************************************************************************
*** ENTRY LIST
***

Entry                      Address   Size  Type      Object
-----                      -------   ----  ----      ------
.bss$$Base              0x1fff0db8          --   Gb  - Linker created -
.bss$$Limit             0x1fff0e6c          --   Gb  - Linker created -
.data$$Base             0x1fff0410          --   Gb  - Linker created -
.data$$Limit            0x1fff0c00          --   Gb  - Linker created -
.data_init$$Base        0x00001944          --   Gb  - Linker created -
.data_init$$Limit       0x00002134          --   Gb  - Linker created -
?main                   0x00003bfd         Code  Gb  cmain.o [5]
ADCN                    0x1fff0410    0x8  Data  Gb  MK60_adc.o [1]
ASSERT_FAILED_STR       0x00003ba8   0x24  Data  Gb  MK60_conf.o [1]
CodeRelocate$$Base      0x000035a4          --   Gb  - Linker created -
CodeRelocate$$Limit     0x0000375c          --   Gb  - Linker created -
CodeRelocateRam$$Base   0x1fff0c00          --   Gb  - Linker created -
CodeRelocateRam$$Limit  0x1fff0db8          --   Gb  - Linker created -
FTMN                    0x1fff0b20    0xc  Data  Gb  MK60_ftm.o [1]
FTM_PWM_init            0x0000224d  0x17c  Code  Gb  MK60_ftm.o [1]
FTM_QUAD_Init           0x000023c9  0x106  Code  Gb  MK60_ftm.o [1]
FTM_QUAD_clean          0x000024fb   0x28  Code  Gb  MK60_ftm.o [1]
FTM_QUAD_get            0x000024cf   0x2c  Code  Gb  MK60_ftm.o [1]
FTM_port_mux            0x00002135  0x118  Code  Lc  MK60_ftm.o [1]
GPIOX                   0x1fff0b2c   0x14  Data  Gb  MK60_gpio.o [1]
KEY_PTxn                0x1fff0bb8    0x8  Data  Gb  VCAN_key.o [1]
LED_PTxn                0x1fff0bb4    0x4  Data  Gb  VCAN_LED.o [1]
NVIC_EnableIRQ          0x000032a1   0x18  Code  Lc  init.o [1]
NVIC_SystemReset        0x000025f9   0x1a  Code  Lc  MK60_conf.o [1]
PORTC_IRQHandler        0x00003361   0x1a  Code  Gb  init.o [1]
PORTX                   0x1fff0b88   0x14  Data  Gb  MK60_port.o [1]
Region$$Table$$Base     0x00003bcc          --   Gb  - Linker created -
Region$$Table$$Limit    0x00003bdc          --   Gb  - Linker created -
Reset_Handler           0x00000411         Code  Gb  startup_MK60DZ10.o [1]
UARTN                   0x1fff0b9c   0x18  Data  Gb  MK60_uart.o [1]
_GenldLargeNoMb         0x00000d19  0x234  Code  Lc  xprintflarge_nomb.o [3]
_LdtobLargeNoMb         0x00000ab9  0x25a  Code  Lc  xprintflarge_nomb.o [3]
_LitobLargeNoMb         0x0000095b  0x10c  Code  Lc  xprintflarge_nomb.o [3]
_Locale_aeabi_lconv     0x1fff0ebc   0x38  Data  Gb  localeconv.o [3]
_Locale_lconv           0x1fff0e6c   0x50  Data  Gb  localeconv.o [3]
_PrintfLargeNoMb        0x00000419  0x53c  Code  Gb  xprintflarge_nomb.o [3]
_Prout                  0x00003c35   0x16  Code  Gb  xprout.o [3]
_PutcharsLargeNoMb      0x00000f4d   0x2e  Code  Lc  xprintflarge_nomb.o [3]
__BOOT_STACK_ADDRESS {Abs}
                        0x2000fff8          --   Gb  command line/config [2]
__VECTOR_RAM {Abs}      0x1fff0000          --   Gb  command line/config [2]
__VECTOR_TABLE {Abs}    0x00000000          --   Gb  command line/config [2]
__aeabi_cdcmple         0x000013ad         Code  Gb  DblCmpLe.o [4]
__aeabi_d2uiz           0x00001625         Code  Gb  DblToI32.o [4]
__aeabi_ddiv            0x000013dd         Code  Gb  DblDiv.o [4]
__aeabi_dmul            0x00001151         Code  Gb  DblMul.o [4]
__aeabi_dsub            0x0000166d         Code  Gb  DblSub.o [4]
__aeabi_ldiv0           0x00001869         Code  Gb  I64DivZer.o [5]
__aeabi_memcpy          0x000012f5         Code  Gb  ABImemcpy.o [5]
__aeabi_memcpy4         0x00001315         Code  Gb  ABImemcpy.o [5]
__aeabi_memcpy8         0x00001315         Code  Gb  ABImemcpy.o [5]
__aeabi_ui2d            0x00001651         Code  Gb  I32ToDbl.o [4]
__aeabi_uldivmod        0x00001061         Code  Gb  I64DivMod.o [5]
__cmain                 0x00003bfd         Code  Gb  cmain.o [5]
__code_start__ {Abs}    0x00000410          --   Gb  command line/config [2]
__exit                  0x00003c29         Code  Gb  XXexit.o [5]
__iar_Dnorm             0x0000136b   0x42  Code  Gb  xdnorm.o [4]
__iar_Locale_lconv_init
                        0x000017ed   0x3a  Code  Gb  localeconv.o [3]
__iar_Memchr            0x00001009         Code  Gb  memchr.o [5]
__iar_Stdout            0x1fff0bc0   0x40  Data  Gb  xfiles.o [3]
__iar_Strchr            0x00000fb9         Code  Gb  strchr.o [5]
__iar_d2uiz             0x00001631         Code  Gb  DblToI32.o [4]
__iar_dadd              0x0000186d         Code  Gb  DblAdd.o [4]
__iar_data_init3        0x00003b81   0x28  Code  Gb  data_init.o [5]
__iar_dlib_perthread_access
                        0x00001941    0x2  Code  Gb  xtls.o [3]
__iar_dsub              0x00001681         Code  Gb  DblSub.o [4]
__iar_dsubStart         0x00001693         Code  Gb  DblSub.o [4]
__iar_program_start     0x00003c6d         Code  Gb  cstartup_M.o [5]
__iar_ui2d              0x00001655         Code  Gb  I32ToDbl.o [4]
__iar_zero_init3        0x00000f97   0x22  Code  Gb  zero_init3.o [5]
__low_level_init        0x00003c13    0x4  Code  Gb  low_level_init.o [3]
__vector_table          0x00000000  0x410  Data  Gb  vectors.o [1]
_call_main              0x00003c09         Code  Gb  cmain.o [5]
_exit                   0x00003c1d         Code  Gb  cexit.o [5]
_main                   0x00003c0f         Code  Gb  cmain.o [5]
adc_init                0x00002fe9  0x20e  Code  Gb  MK60_adc.o [1]
adc_once                0x000031f7   0x50  Code  Gb  MK60_adc.o [1]
adc_start               0x00003247   0x44  Code  Lc  MK60_adc.o [1]
assert_failed           0x00002613   0x26  Code  Gb  MK60_conf.o [1]
bus_clk_khz             0x1fff0e18    0x4  Data  Gb  system_MK60DZ10.o [1]
car_init                0x0000337b  0x11c  Code  Gb  init.o [1]
common_startup          0x000037b1   0x98  Code  Gb  system_MK60DZ10.o [1]
core_clk_khz            0x1fff0e10    0x4  Data  Gb  system_MK60DZ10.o [1]
core_clk_mhz            0x1fff0e14    0x4  Data  Gb  system_MK60DZ10.o [1]
default_isr             0x000026e7   0x30  Code  Gb  MK60_conf.o [1]
div                     0x00001859    0xe  Code  Gb  div.o [3]
dwt_delay_ms            0x0000280d   0x18  Code  Gb  MK60_DWT.o [1]
dwt_delay_us            0x000027ad   0x4e  Code  Gb  MK60_DWT.o [1]
electromagnet_L1        0x1fff0dd8    0x8  Data  Gb  main.o [1]
electromagnet_L2        0x1fff0de0    0x8  Data  Gb  main.o [1]
electromagnet_L3        0x1fff0de8    0x8  Data  Gb  main.o [1]
electromagnet_L4        0x1fff0df0    0x8  Data  Gb  main.o [1]
electromagnet_L5        0x1fff0df8    0x8  Data  Gb  main.o [1]
electromagnet_L6        0x1fff0e00    0x8  Data  Gb  main.o [1]
exit                    0x00003c17    0x4  Code  Gb  exit.o [3]
flash_cmd               0x1fff0c09   0x20  Code  Gb  MK60_flash.o [1]
flash_erase_sector      0x1fff0c51   0x58  Code  Gb  MK60_flash.o [1]
flash_init              0x1fff0c29   0x28  Code  Gb  MK60_flash.o [1]
flash_write             0x1fff0ca9   0x8e  Code  Gb  MK60_flash.o [1]
fputc                   0x00002639   0x14  Code  Gb  MK60_conf.o [1]
gpio_get                0x00002beb   0x3a  Code  Gb  MK60_gpio.o [1]
gpio_init               0x00002b05   0xae  Code  Gb  MK60_gpio.o [1]
gpio_turn               0x00002bb3   0x38  Code  Gb  MK60_gpio.o [1]
key_check               0x00002ad5   0x2a  Code  Gb  VCAN_key.o [1]
key_get                 0x00002abb   0x1a  Code  Gb  VCAN_key.o [1]
key_init                0x00002a69   0x52  Code  Gb  VCAN_key.o [1]
led_init                0x00002739   0x3a  Code  Gb  VCAN_LED.o [1]
led_turn                0x00002773   0x10  Code  Gb  VCAN_LED.o [1]
localeconv              0x00001827   0x16  Code  Gb  localeconv.o [3]
main                    0x000038c1   0x22  Code  Gb  main.o [1]
mcg_cfg                 0x1fff0b40   0x44  Data  Gb  MK60_mcg.o [1]
mcg_div                 0x1fff0b84    0x4  Data  Gb  MK60_mcg.o [1]
mcg_div_count           0x00002c35  0x2e6  Code  Gb  MK60_mcg.o [1]
memchr                  0x00001009         Code  Gb  memchr.o [5]
obuf                    0x1fff0e1c   0x50  Data  Lc  xfiles.o [3]
omron_encoder_left_last
                        0x1fff0dc0    0x8  Data  Gb  main.o [1]
omron_encoder_left_now  0x1fff0db8    0x8  Data  Gb  main.o [1]
omron_encoder_right_last
                        0x1fff0dd0    0x8  Data  Gb  main.o [1]
omron_encoder_right_now
                        0x1fff0dc8    0x8  Data  Gb  main.o [1]
pit_hander_omron_encoder
                        0x000032d9   0x88  Code  Gb  init.o [1]
pit_hander_time_recoder
                        0x000032b9   0x20  Code  Gb  init.o [1]
pit_init                0x000034d9   0x6c  Code  Gb  MK60_PIT.o [1]
pll_init                0x00002f1b   0xb2  Code  Gb  MK60_mcg.o [1]
port_init               0x00002539   0x44  Code  Gb  MK60_port.o [1]
port_init_NoALT         0x0000257d   0x62  Code  Gb  MK60_port.o [1]
printf                  0x00002789   0x24  Code  Gb  printf.o [3]
putchar                 0x00003c4d    0xc  Code  Gb  putchar.o [3]
scale                   0x00000a6d   0x46  Code  Lc  xprintflarge_nomb.o [3]
sensor_electromagnet_read
                        0x000038f1   0x64  Code  Gb  io.o [1]
set_sys_dividers        0x1fff0d69   0x50  Code  Gb  MK60_mcg.o [1]
set_vector_handler      0x00003577   0x22  Code  Gb  misc.o [1]
start                   0x0000375d   0x18  Code  Gb  system_MK60DZ10.o [1]
start_check             0x0000264d   0x9a  Code  Gb  MK60_conf.o [1]
strchr                  0x00000fb9         Code  Gb  strchr.o [5]
strlen                  0x00000fd1         Code  Gb  strlen.o [5]
sysinit                 0x00003775   0x3c  Code  Gb  system_MK60DZ10.o [1]
system_time_ms          0x1fff0e08    0x8  Data  Gb  main.o [1]
uart_init               0x00002825  0x212  Code  Gb  MK60_uart.o [1]
uart_putchar            0x00002a37   0x1a  Code  Gb  MK60_uart.o [1]
vector_str              0x1fff0418  0x708  Data  Gb  MK60_conf.o [1]
wdog_disable            0x00003881   0x16  Code  Gb  MK60_wdog.o [1]
wdog_unlock             0x00003897   0x20  Code  Lc  MK60_wdog.o [1]
write_vtor              0x00003555   0x22  Code  Gb  misc.o [1]


[1] = Z:\Users\wzq\项目\freescale\code\frescale\k60\Prj\IAR\DZ10_Debug\Obj
[2] = command line
[3] = dl7M_tlf.a
[4] = m7M_tl.a
[5] = rt7M_tl.a

  11 330 bytes of readonly  code memory
     440 bytes of readwrite code memory
   4 292 bytes of readonly  data memory
   2 348 bytes of readwrite data memory

Errors: none
Warnings: none
